// Jest Snapshot v1, https://goo.gl/fbAQLP

exports[`symbol.ts - {"typeAngleBracketSpacing":true,"typeBracketSpacing":true} format 1`] = `
====================================options=====================================
parsers: ["typescript"]
printWidth: 80
typeAngleBracketSpacing: true
typeBracketSpacing: true
                                                                                | printWidth
=====================================input======================================
var x: symbol
var x: symbol | string

=====================================output=====================================
var x: symbol;
var x: symbol | string;

================================================================================
`;
