// Jest Snapshot v1, https://goo.gl/fbAQLP

exports[`properly propogates inherited option values (stderr) 1`] = `""`;

exports[`properly propogates inherited option values (stdout) 1`] = `
"import { name } from \\"package\\";

function optionInheritanceJs() {
  const obj = {x: 1};
  console.log(
    \\"option-inheritance/file.js should have no spacing in object brackets\\"
  );
  console.log(
    \\"option-inheritance/file.js should have spacing in import brackets\\"
  );
}
"
`;

exports[`properly propogates inherited option values (write) 1`] = `Array []`;
